ASxxxx Assembler V05.00  (Motorola 6809), page 1.
Hexidecimal [16-Bits]



                              1     .module cadenas
                     FF00     2 pantalla    .equ 0XFF00     ; muestra en pantalla
                     FF02     3 teclado     .equ 0XFF02     ; pide de teclado
                              4     .globl imprime_cadena
                              5     .globl imprime_cadena_contador
                              6     .globl imprime_cadena_juego
                              7     .globl imprime_decimal
                              8 
                              9 
   0000                      10 imprime_cadena:
   0000 34 02         [ 6]   11     pshs        a
   0002                      12     ic_sgte:
   0002 A6 80         [ 6]   13         lda     ,x+
   0004 27 05         [ 3]   14         beq     ic_retorno
   0006 B7 FF 00      [ 5]   15         sta     pantalla
   0009 20 F7         [ 3]   16         bra     ic_sgte
   000B                      17     ic_retorno:
   000B 35 02         [ 6]   18         puls    a   ;para devolver registros sin que se vean afectados
   000D 39            [ 5]   19         rts
                             20 
   000E                      21 imprime_cadena_contador:
   000E 34 02         [ 6]   22     pshs        a
   0010 5F            [ 2]   23     clrb        
   0011                      24     ic_sgte_contador:
   0011 A6 80         [ 6]   25         lda     ,x+
   0013 27 0F         [ 3]   26         beq     ic_retorno_contador
   0015 81 0A         [ 2]   27         cmpa    #'\n
   0017 27 05         [ 3]   28         beq     contador    ;salta a la subrutina contador si encuentra un salto de linea
   0019 B7 FF 00      [ 5]   29         sta     pantalla
   001C 20 F3         [ 3]   30         bra     ic_sgte_contador
   001E                      31     contador:
   001E 5C            [ 2]   32         incb    ;incrementa el contador
   001F B7 FF 00      [ 5]   33         sta     pantalla
   0022 20 ED         [ 3]   34         bra     ic_sgte_contador
   0024                      35     ic_retorno_contador:
   0024 C0 01         [ 2]   36         subb    #1
   0026 BD 00 3A      [ 8]   37         jsr     imprime_decimal
   0029 35 02         [ 6]   38         puls    a   ;para devolver registros sin que se vean afectados
   002B 39            [ 5]   39         rts
                             40 
   002C                      41 imprime_cadena_juego:
   002C 34 02         [ 6]   42     pshs        a
   002E                      43     ic_sgte_juego:
   002E A6 80         [ 6]   44         lda     ,x+
   0030 27 D9         [ 3]   45         beq     ic_retorno
                             46         ;cmpa    
   0032 B7 FF 00      [ 5]   47         sta     pantalla
   0035 20 CB         [ 3]   48         bra     ic_sgte
   0037                      49     ic_retorno_juego:
   0037 35 02         [ 6]   50         puls    a   ;para devolver registros sin que se vean afectados
   0039 39            [ 5]   51         rts
                             52 
   003A                      53 imprime_decimal:
   003A 34 16         [ 8]   54     pshs    x,d
   003C 8E 00 00      [ 3]   55     ldx     #0
ASxxxx Assembler V05.00  (Motorola 6809), page 2.
Hexidecimal [16-Bits]



   003F                      56     id_primera_cifra:
   003F 10 83 00 0A   [ 5]   57         cmpd        #10
   0043 25 0A         [ 3]   58         blo         id_imprime_primera_cifra
   0045 83 00 0A      [ 4]   59         subd        #10
   0048 1E 10         [ 8]   60         exg         x,d
   004A 5C            [ 2]   61         incb
   004B 1E 10         [ 8]   62         exg         x,d
   004D 20 F0         [ 3]   63         bra         id_primera_cifra
   004F                      64     id_imprime_primera_cifra:
   004F 1E 10         [ 8]   65         exg         x,d
   0051 CB 30         [ 2]   66         addb        #'0
   0053 F7 FF 00      [ 5]   67         stb         pantalla
   0056 1E 10         [ 8]   68         exg         x,d
   0058                      69     id_segunda_cifra:
   0058 CB 30         [ 2]   70         addb    #'0
   005A F7 FF 00      [ 5]   71         stb     pantalla
   005D 35 16         [ 8]   72         puls    x,d
   005F 39            [ 5]   73         rts
ASxxxx Assembler V05.00  (Motorola 6809), page 3.
Hexidecimal [16-Bits]

Symbol Table

    .__.$$$.       =   2710 L   |     .__.ABS.       =   0000 G
    .__.CPU.       =   0000 L   |     .__.H$L.       =   0001 L
  0 contador           001E GR  |   0 ic_retorno         000B GR
  0 ic_retorno_con     0024 GR  |   0 ic_retorno_jue     0037 GR
  0 ic_sgte            0002 GR  |   0 ic_sgte_contad     0011 GR
  0 ic_sgte_juego      002E GR  |   0 id_imprime_pri     004F GR
  0 id_primera_cif     003F GR  |   0 id_segunda_cif     0058 GR
  0 imprime_cadena     0000 GR  |   0 imprime_cadena     000E GR
  0 imprime_cadena     002C GR  |   0 imprime_decima     003A GR
    pantalla       =   FF00 G   |     teclado        =   FF02 G

ASxxxx Assembler V05.00  (Motorola 6809), page 4.
Hexidecimal [16-Bits]

Area Table

[_CSEG]
   0 _CODE            size   60   flags C180
[_DSEG]
   1 _DATA            size    0   flags C0C0

